#include <tunables/global>

# A simple test comment which will persist


/usr/bin/a/simple/cleanprof/test/profile {
  #include <abstractions/base>

  unix (receive) type=dgram,

  link subset /alpha/beta -> /tmp/**,

  /home/*/** r,
  /home/foo/** w,


  ^foo {
    capability dac_override,

    /etc/fstab r,

  }
}
/usr/bin/other/cleanprof/test/profile {
  /home/*/** rw,
  /home/foo/bar r,

}
